Microsoft Windows [Version 10.0.17763.529]
(c) 2018 Microsoft Corporation. All rights reserved.

C:\Users\Milica B>f:

F:\>cd Devs\Embarcadero\Studio\Projects\DelphiBootCamp

F:\Devs\Embarcadero\Studio\Projects\DelphiBootCamp>git status
fatal: Not a git repository (or any of the parent directories): .git

F:\Devs\Embarcadero\Studio\Projects\DelphiBootCamp>git init
Initialized empty Git repository in F:/Devs/Embarcadero/Studio/Projects/DelphiBootCamp/.git/

F:\Devs\Embarcadero\Studio\Projects\DelphiBootCamp>git status
On branch master

No commits yet

Untracked files:
  (use "git add <file>..." to include in what will be committed)

        Day1FirstApp.dpr
        Day1FirstApp.dproj
        Day1FirstApp.dproj.local
        Day1FirstApp.identcache
        Day1IntroductionToDelphi.groupproj
        Day1IntroductionToDelphi.groupproj.local
        Unit1.fmx
        Unit1.pas
        __history/

nothing added to commit but untracked files present (use "git add" to track)

F:\Devs\Embarcadero\Studio\Projects\DelphiBootCamp>git add .

F:\Devs\Embarcadero\Studio\Projects\DelphiBootCamp>git status
On branch master

No commits yet

Changes to be committed:
  (use "git rm --cached <file>..." to unstage)

        new file:   Day1FirstApp.dpr
        new file:   Day1FirstApp.dproj
        new file:   Day1FirstApp.dproj.local
        new file:   Day1FirstApp.identcache
        new file:   Day1IntroductionToDelphi.groupproj
        new file:   Day1IntroductionToDelphi.groupproj.local
        new file:   Unit1.fmx
        new file:   Unit1.pas
        new file:   __history/Unit1.fmx.~1~
        new file:   __history/Unit1.fmx.~2~


F:\Devs\Embarcadero\Studio\Projects\DelphiBootCamp>git status
On branch master

No commits yet

Changes to be committed:
  (use "git rm --cached <file>..." to unstage)

        new file:   Day1FirstApp.dpr
        new file:   Day1FirstApp.dproj
        new file:   Day1FirstApp.dproj.local
        new file:   Day1FirstApp.identcache
        new file:   Day1IntroductionToDelphi.groupproj
        new file:   Day1IntroductionToDelphi.groupproj.local
        new file:   Unit1.fmx
        new file:   Unit1.pas
        new file:   __history/Unit1.fmx.~1~
        new file:   __history/Unit1.fmx.~2~

Untracked files:
  (use "git add <file>..." to include in what will be committed)

        .gitignore


F:\Devs\Embarcadero\Studio\Projects\DelphiBootCamp>git add .gitignore
warning: LF will be replaced by CRLF in .gitignore.
The file will have its original line endings in your working directory.

F:\Devs\Embarcadero\Studio\Projects\DelphiBootCamp>git status
On branch master

No commits yet

Changes to be committed:
  (use "git rm --cached <file>..." to unstage)

        new file:   .gitignore
        new file:   Day1FirstApp.dpr
        new file:   Day1FirstApp.dproj
        new file:   Day1FirstApp.dproj.local
        new file:   Day1FirstApp.identcache
        new file:   Day1IntroductionToDelphi.groupproj
        new file:   Day1IntroductionToDelphi.groupproj.local
        new file:   Unit1.fmx
        new file:   Unit1.pas
        new file:   __history/Unit1.fmx.~1~
        new file:   __history/Unit1.fmx.~2~


F:\Devs\Embarcadero\Studio\Projects\DelphiBootCamp>git commit -m "First Commit | add .gitignore"
[master (root-commit) 24dec2d] First Commit | add .gitignore
 11 files changed, 1374 insertions(+)
 create mode 100644 .gitignore
 create mode 100644 Day1FirstApp.dpr
 create mode 100644 Day1FirstApp.dproj
 create mode 100644 Day1FirstApp.dproj.local
 create mode 100644 Day1FirstApp.identcache
 create mode 100644 Day1IntroductionToDelphi.groupproj
 create mode 100644 Day1IntroductionToDelphi.groupproj.local
 create mode 100644 Unit1.fmx
 create mode 100644 Unit1.pas
 create mode 100644 __history/Unit1.fmx.~1~
 create mode 100644 __history/Unit1.fmx.~2~

F:\Devs\Embarcadero\Studio\Projects\DelphiBootCamp>git status
On branch master
nothing to commit, working tree clean

F:\Devs\Embarcadero\Studio\Projects\DelphiBootCamp>git push
fatal: No configured push destination.
Either specify the URL from the command-line or configure a remote repository using

    git remote add <name> <url>

and then push using the remote name

    git push <name>


F:\Devs\Embarcadero\Studio\Projects\DelphiBootCamp>git remote add origin https://github.com/dragancajic/DelphiBootCamp.git

F:\Devs\Embarcadero\Studio\Projects\DelphiBootCamp>git status
On branch master
nothing to commit, working tree clean

F:\Devs\Embarcadero\Studio\Projects\DelphiBootCamp>git remote -vv
origin  https://github.com/dragancajic/DelphiBootCamp.git (fetch)
origin  https://github.com/dragancajic/DelphiBootCamp.git (push)

F:\Devs\Embarcadero\Studio\Projects\DelphiBootCamp>git push
fatal: The current branch master has no upstream branch.
To push the current branch and set the remote as upstream, use

    git push --set-upstream origin master


F:\Devs\Embarcadero\Studio\Projects\DelphiBootCamp>git push --set-upstream origin master
fatal: HttpRequestException encountered.
   An error occurred while sending the request.
Username for 'https://github.com': dragancajic
Password for 'https://dragancajic@github.com':
Counting objects: 12, done.
Delta compression using up to 4 threads.
Compressing objects: 100% (12/12), done.
Writing objects: 100% (12/12), 9.36 KiB | 958.00 KiB/s, done.
Total 12 (delta 1), reused 0 (delta 0)
remote: Resolving deltas: 100% (1/1), done.
To https://github.com/dragancajic/DelphiBootCamp.git
 * [new branch]      master -> master
Branch master set up to track remote branch master from origin.

F:\Devs\Embarcadero\Studio\Projects\DelphiBootCamp>git status
On branch master
Your branch is up-to-date with 'origin/master'.

nothing to commit, working tree clean

F:\Devs\Embarcadero\Studio\Projects\DelphiBootCamp>exit
